// Bun Snapshot v1, https://bun.sh/docs/test/snapshots

exports[`generateUiServiceUnit snapshot 1`] = `
"[Unit]
Description=Mithrandir UI Dashboard
After=network.target docker.service
Wants=docker.service

[Service]
Type=simple
WorkingDirectory=/home/user/homelab/ui
ExecStartPre=/usr/local/bin/bun run scripts/migrate.ts
ExecStart=/usr/local/bin/bun run .output/server/index.mjs
Environment="PATH=/usr/local/sbin:/usr/local/bin:/usr/sbin:/usr/bin"
Environment="NODE_ENV=production"
Environment="PORT=4180"
Environment="HOME=/home/user"
EnvironmentFile=-/home/user/homelab/.env
EnvironmentFile=/home/user/homelab/ui/.env.local
Restart=on-failure
RestartSec=5
StandardOutput=journal
StandardError=journal

[Install]
WantedBy=multi-user.target
"
`;
